// Jest Snapshot v1, https://goo.gl/fbAQLP

exports[`NotificationsView should render correctly 1`] = `null`;

exports[`NotificationsView should render correctly with no notifications 1`] = `null`;
