// Jest Snapshot v1, https://goo.gl/fbAQLP

exports[`NotificationRoot renders correctly 1`] = `
<View
  style={
    Array [
      Object {},
      Object {
        "height": undefined,
        "opacity": 1,
        "paddingVertical": 10,
      },
    ]
  }
>
  <View
    collapsable={false}
    onGestureHandlerEvent={[Function]}
    onGestureHandlerStateChange={[Function]}
    onPress={[MockFunction]}
    style={
      Array [
        Object {
          "transform": Array [
            Object {
              "translateX": 0,
            },
          ],
        },
      ]
    }
  >
    <TouchableOpacity
      onPress={[MockFunction]}
    />
  </View>
  <View
    style={
      Array [
        Object {},
        Object {
          "opacity": 0,
        },
      ]
    }
  >
    <SvgMock
      color="#24272A"
      height={20}
      name="Trash"
      style={
        Object {
          "height": 20,
          "width": 20,
        }
      }
      width={20}
    />
  </View>
</View>
`;
