// Jest Snapshot v1, https://goo.gl/fbAQLP

exports[`AddActivationKey renders correctly 1`] = `
<View
  style={
    Object {
      "flex": 1,
    }
  }
>
  <RNCSafeAreaProvider
    onInsetsChange={[Function]}
    style={
      Array [
        Object {
          "flex": 1,
        },
        undefined,
      ]
    }
  >
    <View
      collapsable={false}
      pointerEvents="box-none"
      style={
        Object {
          "zIndex": 1,
        }
      }
    >
      <View
        accessibilityElementsHidden={false}
        importantForAccessibility="auto"
        onLayout={[Function]}
        pointerEvents="box-none"
        style={null}
      >
        <View
          collapsable={false}
          pointerEvents="box-none"
          style={
            Object {
              "bottom": 0,
              "left": 0,
              "opacity": 1,
              "position": "absolute",
              "right": 0,
              "top": 0,
              "zIndex": 0,
            }
          }
        >
          <View
            collapsable={false}
            style={
              Object {
                "backgroundColor": "#FFFFFF",
                "borderBottomColor": "rgb(216, 216, 216)",
                "elevation": 0,
                "flex": 1,
                "shadowColor": "transparent",
                "shadowOffset": Object {
                  "height": 0.5,
                  "width": 0,
                },
                "shadowOpacity": 0.85,
                "shadowRadius": 0,
              }
            }
          />
        </View>
        <View
          collapsable={false}
          pointerEvents="box-none"
          style={
            Object {
              "height": 64,
              "maxHeight": undefined,
              "minHeight": undefined,
              "opacity": undefined,
              "transform": undefined,
            }
          }
        >
          <View
            pointerEvents="none"
            style={
              Object {
                "height": 20,
              }
            }
          />
          <View
            pointerEvents="box-none"
            style={
              Object {
                "alignItems": "center",
                "flex": 1,
                "flexDirection": "row",
                "justifyContent": "center",
              }
            }
          >
            <View
              collapsable={false}
              pointerEvents="box-none"
              style={
                Object {
                  "alignItems": "flex-start",
                  "bottom": 0,
                  "justifyContent": "center",
                  "left": 0,
                  "opacity": 1,
                  "position": "absolute",
                  "top": 0,
                }
              }
            >
              <TouchableOpacity
                accessible={true}
                activeOpacity={1}
                disabled={false}
                onPress={[Function]}
                onPressIn={[Function]}
                onPressOut={[Function]}
                style={
                  Object {
                    "alignItems": "center",
                    "borderRadius": 8,
                    "height": 32,
                    "justifyContent": "center",
                    "marginHorizontal": 16,
                    "opacity": 1,
                    "width": 32,
                  }
                }
                testID="back-arrow-button"
              >
                <SvgMock
                  color="#24272A"
                  height={24}
                  name="ArrowLeft"
                  style={
                    Object {
                      "height": 24,
                      "width": 24,
                    }
                  }
                  width={24}
                />
              </TouchableOpacity>
            </View>
            <View
              collapsable={false}
              pointerEvents="box-none"
              style={
                Object {
                  "marginHorizontal": 72,
                  "opacity": 1,
                }
              }
            >
              <Text
                accessibilityRole="header"
                aria-level="1"
                collapsable={false}
                numberOfLines={1}
                onLayout={[Function]}
                style={
                  Object {
                    "color": "#0376C9",
                    "fontSize": 17,
                    "fontWeight": "600",
                  }
                }
              >
                <Text
                  accessibilityRole="text"
                  style={
                    Object {
                      "color": "#24272A",
                      "fontFamily": "Euclid Circular B",
                      "fontSize": 18,
                      "fontWeight": "700",
                      "letterSpacing": 0,
                      "lineHeight": 24,
                    }
                  }
                >
                  Add Activation Key
                </Text>
              </Text>
            </View>
          </View>
        </View>
      </View>
    </View>
    <RNSScreenContainer
      onLayout={[Function]}
      style={
        Object {
          "flex": 1,
        }
      }
    >
      <RNSScreen
        activityState={2}
        collapsable={false}
        forwardedRef={[Function]}
        gestureResponseDistance={
          Object {
            "bottom": -1,
            "end": -1,
            "start": -1,
            "top": -1,
          }
        }
        pointerEvents="box-none"
        style={
          Object {
            "bottom": 0,
            "left": 0,
            "position": "absolute",
            "right": 0,
            "top": 0,
          }
        }
      >
        <View
          collapsable={false}
          style={
            Object {
              "opacity": 1,
            }
          }
        />
        <View
          accessibilityElementsHidden={false}
          closing={false}
          gestureVelocityImpact={0.3}
          importantForAccessibility="auto"
          onClose={[Function]}
          onGestureBegin={[Function]}
          onGestureCanceled={[Function]}
          onGestureEnd={[Function]}
          onOpen={[Function]}
          onTransition={[Function]}
          pointerEvents="box-none"
          style={
            Array [
              Object {
                "overflow": undefined,
              },
              Object {
                "bottom": 0,
                "left": 0,
                "position": "absolute",
                "right": 0,
                "top": 0,
              },
            ]
          }
          transitionSpec={
            Object {
              "close": Object {
                "animation": "spring",
                "config": Object {
                  "damping": 500,
                  "mass": 3,
                  "overshootClamping": true,
                  "restDisplacementThreshold": 10,
                  "restSpeedThreshold": 10,
                  "stiffness": 1000,
                },
              },
              "open": Object {
                "animation": "spring",
                "config": Object {
                  "damping": 500,
                  "mass": 3,
                  "overshootClamping": true,
                  "restDisplacementThreshold": 10,
                  "restSpeedThreshold": 10,
                  "stiffness": 1000,
                },
              },
            }
          }
        >
          <View
            collapsable={false}
            needsOffscreenAlphaCompositing={false}
            pointerEvents="box-none"
            style={
              Object {
                "flex": 1,
              }
            }
          >
            <View
              collapsable={false}
              forwardedRef={[Function]}
              onGestureHandlerEvent={[Function]}
              onGestureHandlerStateChange={[Function]}
              style={
                Object {
                  "flex": 1,
                  "transform": Array [
                    Object {
                      "translateX": 0,
                    },
                    Object {
                      "translateX": 0,
                    },
                  ],
                }
              }
            >
              <View
                collapsable={false}
                pointerEvents="none"
                style={
                  Object {
                    "backgroundColor": "rgb(242, 242, 242)",
                    "bottom": 0,
                    "left": 0,
                    "position": "absolute",
                    "shadowColor": "#000",
                    "shadowOffset": Object {
                      "height": 1,
                      "width": -1,
                    },
                    "shadowOpacity": 0.3,
                    "shadowRadius": 5,
                    "top": 0,
                    "width": 3,
                  }
                }
              />
              <View
                style={
                  Array [
                    Object {
                      "flex": 1,
                      "overflow": "hidden",
                    },
                    Array [
                      Object {
                        "backgroundColor": "rgb(242, 242, 242)",
                      },
                      undefined,
                    ],
                  ]
                }
              >
                <View
                  style={
                    Object {
                      "flex": 1,
                      "flexDirection": "column-reverse",
                    }
                  }
                >
                  <View
                    style={
                      Object {
                        "flex": 1,
                      }
                    }
                  >
                    <RCTSafeAreaView
                      style={
                        Object {
                          "flex": 1,
                        }
                      }
                    >
                      <View
                        style={
                          Array [
                            Object {
                              "backgroundColor": "#FFFFFF",
                              "flex": 1,
                            },
                            undefined,
                          ]
                        }
                      >
                        <View
                          style={
                            Array [
                              Object {
                                "flex": 1,
                              },
                              undefined,
                            ]
                          }
                        >
                          <View
                            style={
                              Array [
                                Object {
                                  "padding": 15,
                                },
                                undefined,
                                undefined,
                              ]
                            }
                          >
                            <Text
                              accessibilityRole="text"
                              style={
                                Object {
                                  "color": "#24272A",
                                  "fontFamily": "Euclid Circular B",
                                  "fontSize": 16,
                                  "fontWeight": "500",
                                  "letterSpacing": 0,
                                  "lineHeight": 24,
                                }
                              }
                            >
                              Add Activation Key
                            </Text>
                            <View
                              style={
                                Array [
                                  Object {
                                    "marginVertical": 8,
                                  },
                                  undefined,
                                  undefined,
                                  undefined,
                                ]
                              }
                            >
                              <Text
                                accessibilityRole="text"
                                style={
                                  Object {
                                    "color": "#24272A",
                                    "fontFamily": "Euclid Circular B",
                                    "fontSize": 14,
                                    "fontWeight": "400",
                                    "letterSpacing": 0,
                                    "lineHeight": 22,
                                  }
                                }
                                testID="label"
                              >
                                Label
                              </Text>
                              <View
                                style={
                                  Object {
                                    "alignItems": "center",
                                    "backgroundColor": "#FFFFFF",
                                    "borderColor": "#0376C9",
                                    "borderRadius": 8,
                                    "borderWidth": 1,
                                    "flexDirection": "row",
                                    "height": 40,
                                    "opacity": 1,
                                    "paddingHorizontal": 16,
                                  }
                                }
                                testID="textfield"
                              >
                                <View
                                  style={
                                    Object {
                                      "flex": 1,
                                    }
                                  }
                                >
                                  <TextInput
                                    autoCapitalize="none"
                                    autoFocus={true}
                                    editable={true}
                                    numberOfLines={1}
                                    onBlur={[Function]}
                                    onChangeText={[Function]}
                                    onFocus={[Function]}
                                    onSubmitEditing={[Function]}
                                    placeholder="Add a label to this key"
                                    returnKeyType="done"
                                    style={
                                      Object {
                                        "backgroundColor": "#FFFFFF",
                                        "borderColor": "transparent",
                                        "borderWidth": 1,
                                        "color": "#24272A",
                                        "fontFamily": "Euclid Circular B",
                                        "fontSize": 14,
                                        "fontWeight": "400",
                                        "height": 24,
                                        "letterSpacing": 0,
                                        "opacity": 1,
                                        "paddingVertical": 0,
                                      }
                                    }
                                    testID="input"
                                    value=""
                                  />
                                </View>
                              </View>
                            </View>
                            <View
                              style={
                                Array [
                                  Object {
                                    "marginVertical": 8,
                                  },
                                  undefined,
                                  undefined,
                                  undefined,
                                ]
                              }
                            >
                              <Text
                                accessibilityRole="text"
                                style={
                                  Object {
                                    "color": "#24272A",
                                    "fontFamily": "Euclid Circular B",
                                    "fontSize": 14,
                                    "fontWeight": "400",
                                    "letterSpacing": 0,
                                    "lineHeight": 22,
                                  }
                                }
                                testID="label"
                              >
                                Key
                              </Text>
                              <View
                                style={
                                  Object {
                                    "alignItems": "center",
                                    "backgroundColor": "#FFFFFF",
                                    "borderColor": "#BBC0C5",
                                    "borderRadius": 8,
                                    "borderWidth": 1,
                                    "flexDirection": "row",
                                    "height": 40,
                                    "opacity": 1,
                                    "paddingHorizontal": 16,
                                  }
                                }
                                testID="textfield"
                              >
                                <View
                                  style={
                                    Object {
                                      "flex": 1,
                                    }
                                  }
                                >
                                  <TextInput
                                    autoCapitalize="none"
                                    autoCorrect={false}
                                    autoFocus={true}
                                    editable={true}
                                    numberOfLines={1}
                                    onBlur={[Function]}
                                    onChangeText={[Function]}
                                    onFocus={[Function]}
                                    onSubmitEditing={[Function]}
                                    placeholder="Paste or type an Activation Key"
                                    returnKeyType="done"
                                    spellCheck={false}
                                    style={
                                      Object {
                                        "backgroundColor": "#FFFFFF",
                                        "borderColor": "transparent",
                                        "borderWidth": 1,
                                        "color": "#24272A",
                                        "fontFamily": "Euclid Circular B",
                                        "fontSize": 14,
                                        "fontWeight": "400",
                                        "height": 24,
                                        "letterSpacing": 0,
                                        "opacity": 1,
                                        "paddingVertical": 0,
                                      }
                                    }
                                    testID="input"
                                    value=""
                                  />
                                </View>
                              </View>
                            </View>
                            <View
                              style={
                                Array [
                                  Object {
                                    "marginVertical": 8,
                                  },
                                  undefined,
                                  undefined,
                                  Object {
                                    "columnGap": 8,
                                    "flexDirection": "row",
                                  },
                                ]
                              }
                            >
                              <TouchableOpacity
                                accessibilityRole="button"
                                accessible={true}
                                activeOpacity={1}
                                onPress={[Function]}
                                onPressIn={[Function]}
                                onPressOut={[Function]}
                                style={
                                  Object {
                                    "alignItems": "center",
                                    "alignSelf": "flex-start",
                                    "backgroundColor": "transparent",
                                    "borderColor": "#0376C9",
                                    "borderRadius": 24,
                                    "borderWidth": 1,
                                    "flex": 1,
                                    "flexDirection": "row",
                                    "height": 48,
                                    "justifyContent": "center",
                                    "paddingHorizontal": 16,
                                  }
                                }
                                variant="Secondary"
                              >
                                <Text
                                  accessibilityRole="text"
                                  style={
                                    Object {
                                      "color": "#0376C9",
                                      "fontFamily": "Euclid Circular B",
                                      "fontSize": 14,
                                      "fontWeight": "400",
                                      "letterSpacing": 0,
                                      "lineHeight": 22,
                                    }
                                  }
                                >
                                  Cancel
                                </Text>
                              </TouchableOpacity>
                              <TouchableOpacity
                                accessibilityRole="button"
                                accessible={true}
                                activeOpacity={1}
                                disabled={true}
                                onPress={[Function]}
                                onPressIn={[Function]}
                                onPressOut={[Function]}
                                style={
                                  Object {
                                    "alignItems": "center",
                                    "alignSelf": "flex-start",
                                    "backgroundColor": "#0376C9",
                                    "borderRadius": 24,
                                    "flex": 1,
                                    "flexDirection": "row",
                                    "height": 48,
                                    "justifyContent": "center",
                                    "opacity": 0.5,
                                    "paddingHorizontal": 16,
                                  }
                                }
                                variant="Primary"
                              >
                                <Text
                                  accessibilityRole="text"
                                  style={
                                    Object {
                                      "color": "#FFFFFF",
                                      "fontFamily": "Euclid Circular B",
                                      "fontSize": 14,
                                      "fontWeight": "400",
                                      "letterSpacing": 0,
                                      "lineHeight": 22,
                                    }
                                  }
                                >
                                  Add
                                </Text>
                              </TouchableOpacity>
                            </View>
                          </View>
                        </View>
                      </View>
                    </RCTSafeAreaView>
                  </View>
                </View>
              </View>
            </View>
          </View>
        </View>
      </RNSScreen>
    </RNSScreenContainer>
  </RNCSafeAreaProvider>
</View>
`;
